[24-Sep-2025 21:37:33 UTC] PHP Notice:  Function wp_is_block_theme was called <strong>incorrectly</strong>. This function should not be called before the theme directory is registered. Please see <a href="https://developer.wordpress.org/advanced-administration/debug/debug-wordpress/">Debugging in WordPress</a> for more information. (This message was added in version 6.8.0.) in /app/wp/wp-includes/functions.php on line 6121
[24-Sep-2025 21:37:33 UTC] PHP Stack trace:
[24-Sep-2025 21:37:33 UTC] PHP   1. {main}() /usr/local/bin/wp:0
[24-Sep-2025 21:37:33 UTC] PHP   2. include() /usr/local/bin/wp:4
[24-Sep-2025 21:37:33 UTC] PHP   3. include() phar:///usr/local/bin/wp/php/boot-phar.php:20
[24-Sep-2025 21:37:33 UTC] PHP   4. WP_CLI\bootstrap() phar:///usr/local/bin/wp/vendor/wp-cli/wp-cli/php/wp-cli.php:35
[24-Sep-2025 21:37:33 UTC] PHP   5. WP_CLI\Bootstrap\LaunchRunner->process($state = class WP_CLI\Bootstrap\BootstrapState { private $state = ['config' => [...], 'arguments' => [...], 'assoc_args' => [...], 'context_manager' => class WP_CLI\ContextManager { ... }] }) phar:///usr/local/bin/wp/vendor/wp-cli/wp-cli/php/bootstrap.php:84
[24-Sep-2025 21:37:33 UTC] PHP   6. WP_CLI\Runner->start() phar:///usr/local/bin/wp/vendor/wp-cli/wp-cli/php/WP_CLI/Bootstrap/LaunchRunner.php:28
[24-Sep-2025 21:37:33 UTC] PHP   7. WP_CLI\Runner->load_wordpress() phar:///usr/local/bin/wp/vendor/wp-cli/wp-cli/php/WP_CLI/Runner.php:1293
[24-Sep-2025 21:37:33 UTC] PHP   8. require() phar:///usr/local/bin/wp/vendor/wp-cli/wp-cli/php/WP_CLI/Runner.php:1374
[24-Sep-2025 21:37:33 UTC] PHP   9. do_action($hook_name = 'after_setup_theme') /app/wp/wp-settings.php:705
[24-Sep-2025 21:37:33 UTC] PHP  10. WP_Hook->do_action($args = [0 => '']) /app/wp/wp-includes/plugin.php:517
[24-Sep-2025 21:37:33 UTC] PHP  11. WP_Hook->apply_filters($value = '', $args = [0 => '']) /app/wp/wp-includes/class-wp-hook.php:348
[24-Sep-2025 21:37:33 UTC] PHP  12. _add_default_theme_supports('') /app/wp/wp-includes/class-wp-hook.php:324
[24-Sep-2025 21:37:33 UTC] PHP  13. wp_is_block_theme() /app/wp/wp-includes/theme.php:4387
[24-Sep-2025 21:37:33 UTC] PHP  14. _doing_it_wrong($function_name = 'wp_is_block_theme', $message = 'This function should not be called before the theme directory is registered.', $version = '6.8.0') /app/wp/wp-includes/theme.php:4356
[24-Sep-2025 21:37:33 UTC] PHP  15. wp_trigger_error($function_name = '', $message = 'Function wp_is_block_theme was called <strong>incorrectly</strong>. This function should not be called before the theme directory is registered. Please see <a href="https://developer.wordpress.org/advanced-administration/debug/debug-wordpress/">Debugging in WordPress</a> for more information. (This message was added in version 6.8.0.)', $error_level = *uninitialized*) /app/wp/wp-includes/functions.php:6061
[24-Sep-2025 21:37:33 UTC] PHP  16. trigger_error($message = 'Function wp_is_block_theme was called <strong>incorrectly</strong>. This function should not be called before the theme directory is registered. Please see <a href="https://developer.wordpress.org/advanced-administration/debug/debug-wordpress/">Debugging in WordPress</a> for more information. (This message was added in version 6.8.0.)', $error_level = 1024) /app/wp/wp-includes/functions.php:6121
[24-Sep-2025 21:37:33 UTC] PHP Notice:  Function wp_is_block_theme was called <strong>incorrectly</strong>. This function should not be called before the theme directory is registered. Please see <a href="https://developer.wordpress.org/advanced-administration/debug/debug-wordpress/">Debugging in WordPress</a> for more information. (This message was added in version 6.8.0.) in /app/wp/wp-includes/functions.php on line 6121
[24-Sep-2025 21:37:33 UTC] PHP Stack trace:
[24-Sep-2025 21:37:33 UTC] PHP   1. {main}() /usr/local/bin/wp:0
[24-Sep-2025 21:37:33 UTC] PHP   2. include() /usr/local/bin/wp:4
[24-Sep-2025 21:37:33 UTC] PHP   3. include() phar:///usr/local/bin/wp/php/boot-phar.php:20
[24-Sep-2025 21:37:33 UTC] PHP   4. WP_CLI\bootstrap() phar:///usr/local/bin/wp/vendor/wp-cli/wp-cli/php/wp-cli.php:35
[24-Sep-2025 21:37:33 UTC] PHP   5. WP_CLI\Bootstrap\LaunchRunner->process($state = class WP_CLI\Bootstrap\BootstrapState { private $state = ['config' => [...], 'arguments' => [...], 'assoc_args' => [...], 'context_manager' => class WP_CLI\ContextManager { ... }] }) phar:///usr/local/bin/wp/vendor/wp-cli/wp-cli/php/bootstrap.php:84
[24-Sep-2025 21:37:33 UTC] PHP   6. WP_CLI\Runner->start() phar:///usr/local/bin/wp/vendor/wp-cli/wp-cli/php/WP_CLI/Bootstrap/LaunchRunner.php:28
[24-Sep-2025 21:37:33 UTC] PHP   7. WP_CLI\Runner->load_wordpress() phar:///usr/local/bin/wp/vendor/wp-cli/wp-cli/php/WP_CLI/Runner.php:1293
[24-Sep-2025 21:37:33 UTC] PHP   8. require() phar:///usr/local/bin/wp/vendor/wp-cli/wp-cli/php/WP_CLI/Runner.php:1374
[24-Sep-2025 21:37:33 UTC] PHP   9. do_action($hook_name = 'after_setup_theme') /app/wp/wp-settings.php:705
[24-Sep-2025 21:37:33 UTC] PHP  10. WP_Hook->do_action($args = [0 => '']) /app/wp/wp-includes/plugin.php:517
[24-Sep-2025 21:37:33 UTC] PHP  11. WP_Hook->apply_filters($value = '', $args = [0 => '']) /app/wp/wp-includes/class-wp-hook.php:348
[24-Sep-2025 21:37:33 UTC] PHP  12. wp_enable_block_templates('') /app/wp/wp-includes/class-wp-hook.php:324
[24-Sep-2025 21:37:33 UTC] PHP  13. wp_is_block_theme() /app/wp/wp-includes/theme-templates.php:227
[24-Sep-2025 21:37:33 UTC] PHP  14. _doing_it_wrong($function_name = 'wp_is_block_theme', $message = 'This function should not be called before the theme directory is registered.', $version = '6.8.0') /app/wp/wp-includes/theme.php:4356
[24-Sep-2025 21:37:33 UTC] PHP  15. wp_trigger_error($function_name = '', $message = 'Function wp_is_block_theme was called <strong>incorrectly</strong>. This function should not be called before the theme directory is registered. Please see <a href="https://developer.wordpress.org/advanced-administration/debug/debug-wordpress/">Debugging in WordPress</a> for more information. (This message was added in version 6.8.0.)', $error_level = *uninitialized*) /app/wp/wp-includes/functions.php:6061
[24-Sep-2025 21:37:33 UTC] PHP  16. trigger_error($message = 'Function wp_is_block_theme was called <strong>incorrectly</strong>. This function should not be called before the theme directory is registered. Please see <a href="https://developer.wordpress.org/advanced-administration/debug/debug-wordpress/">Debugging in WordPress</a> for more information. (This message was added in version 6.8.0.)', $error_level = 1024) /app/wp/wp-includes/functions.php:6121
[24-Sep-2025 21:37:33 UTC] PHP Notice:  Function wp_is_block_theme was called <strong>incorrectly</strong>. This function should not be called before the theme directory is registered. Please see <a href="https://developer.wordpress.org/advanced-administration/debug/debug-wordpress/">Debugging in WordPress</a> for more information. (This message was added in version 6.8.0.) in /app/wp/wp-includes/functions.php on line 6121
[24-Sep-2025 21:37:33 UTC] PHP Stack trace:
[24-Sep-2025 21:37:33 UTC] PHP   1. {main}() /usr/local/bin/wp:0
[24-Sep-2025 21:37:33 UTC] PHP   2. include() /usr/local/bin/wp:4
[24-Sep-2025 21:37:33 UTC] PHP   3. include() phar:///usr/local/bin/wp/php/boot-phar.php:20
[24-Sep-2025 21:37:33 UTC] PHP   4. WP_CLI\bootstrap() phar:///usr/local/bin/wp/vendor/wp-cli/wp-cli/php/wp-cli.php:35
[24-Sep-2025 21:37:33 UTC] PHP   5. WP_CLI\Bootstrap\LaunchRunner->process($state = class WP_CLI\Bootstrap\BootstrapState { private $state = ['config' => [...], 'arguments' => [...], 'assoc_args' => [...], 'context_manager' => class WP_CLI\ContextManager { ... }] }) phar:///usr/local/bin/wp/vendor/wp-cli/wp-cli/php/bootstrap.php:84
[24-Sep-2025 21:37:33 UTC] PHP   6. WP_CLI\Runner->start() phar:///usr/local/bin/wp/vendor/wp-cli/wp-cli/php/WP_CLI/Bootstrap/LaunchRunner.php:28
[24-Sep-2025 21:37:33 UTC] PHP   7. WP_CLI\Runner->load_wordpress() phar:///usr/local/bin/wp/vendor/wp-cli/wp-cli/php/WP_CLI/Runner.php:1293
[24-Sep-2025 21:37:33 UTC] PHP   8. require() phar:///usr/local/bin/wp/vendor/wp-cli/wp-cli/php/WP_CLI/Runner.php:1374
[24-Sep-2025 21:37:33 UTC] PHP   9. do_action($hook_name = 'after_setup_theme') /app/wp/wp-settings.php:705
[24-Sep-2025 21:37:33 UTC] PHP  10. WP_Hook->do_action($args = [0 => '']) /app/wp/wp-includes/plugin.php:517
[24-Sep-2025 21:37:33 UTC] PHP  11. WP_Hook->apply_filters($value = '', $args = [0 => '']) /app/wp/wp-includes/class-wp-hook.php:348
[24-Sep-2025 21:37:33 UTC] PHP  12. WP_Script_Modules->add_hooks('') /app/wp/wp-includes/class-wp-hook.php:324
[24-Sep-2025 21:37:33 UTC] PHP  13. wp_is_block_theme() /app/wp/wp-includes/class-wp-script-modules.php:188
[24-Sep-2025 21:37:33 UTC] PHP  14. _doing_it_wrong($function_name = 'wp_is_block_theme', $message = 'This function should not be called before the theme directory is registered.', $version = '6.8.0') /app/wp/wp-includes/theme.php:4356
[24-Sep-2025 21:37:33 UTC] PHP  15. wp_trigger_error($function_name = '', $message = 'Function wp_is_block_theme was called <strong>incorrectly</strong>. This function should not be called before the theme directory is registered. Please see <a href="https://developer.wordpress.org/advanced-administration/debug/debug-wordpress/">Debugging in WordPress</a> for more information. (This message was added in version 6.8.0.)', $error_level = *uninitialized*) /app/wp/wp-includes/functions.php:6061
[24-Sep-2025 21:37:33 UTC] PHP  16. trigger_error($message = 'Function wp_is_block_theme was called <strong>incorrectly</strong>. This function should not be called before the theme directory is registered. Please see <a href="https://developer.wordpress.org/advanced-administration/debug/debug-wordpress/">Debugging in WordPress</a> for more information. (This message was added in version 6.8.0.)', $error_level = 1024) /app/wp/wp-includes/functions.php:6121
[24-Sep-2025 21:37:57 UTC] PHP Notice:  Function wp_is_block_theme was called <strong>incorrectly</strong>. This function should not be called before the theme directory is registered. Please see <a href="https://developer.wordpress.org/advanced-administration/debug/debug-wordpress/">Debugging in WordPress</a> for more information. (This message was added in version 6.8.0.) in /app/wp/wp-includes/functions.php on line 6121
[24-Sep-2025 21:37:57 UTC] PHP Notice:  Function wp_is_block_theme was called <strong>incorrectly</strong>. This function should not be called before the theme directory is registered. Please see <a href="https://developer.wordpress.org/advanced-administration/debug/debug-wordpress/">Debugging in WordPress</a> for more information. (This message was added in version 6.8.0.) in /app/wp/wp-includes/functions.php on line 6121
[24-Sep-2025 21:37:57 UTC] PHP Notice:  Function wp_is_block_theme was called <strong>incorrectly</strong>. This function should not be called before the theme directory is registered. Please see <a href="https://developer.wordpress.org/advanced-administration/debug/debug-wordpress/">Debugging in WordPress</a> for more information. (This message was added in version 6.8.0.) in /app/wp/wp-includes/functions.php on line 6121
[24-Sep-2025 21:37:57 UTC] PHP Notice:  Function wp_is_block_theme was called <strong>incorrectly</strong>. This function should not be called before the theme directory is registered. Please see <a href="https://developer.wordpress.org/advanced-administration/debug/debug-wordpress/">Debugging in WordPress</a> for more information. (This message was added in version 6.8.0.) in /app/wp/wp-includes/functions.php on line 6121
[24-Sep-2025 21:37:58 UTC] PHP Notice:  Function wp_is_block_theme was called <strong>incorrectly</strong>. This function should not be called before the theme directory is registered. Please see <a href="https://developer.wordpress.org/advanced-administration/debug/debug-wordpress/">Debugging in WordPress</a> for more information. (This message was added in version 6.8.0.) in /app/wp/wp-includes/functions.php on line 6121
[24-Sep-2025 21:37:58 UTC] PHP Notice:  Function wp_is_block_theme was called <strong>incorrectly</strong>. This function should not be called before the theme directory is registered. Please see <a href="https://developer.wordpress.org/advanced-administration/debug/debug-wordpress/">Debugging in WordPress</a> for more information. (This message was added in version 6.8.0.) in /app/wp/wp-includes/functions.php on line 6121
[24-Sep-2025 21:37:58 UTC] PHP Notice:  Function wp_is_block_theme was called <strong>incorrectly</strong>. This function should not be called before the theme directory is registered. Please see <a href="https://developer.wordpress.org/advanced-administration/debug/debug-wordpress/">Debugging in WordPress</a> for more information. (This message was added in version 6.8.0.) in /app/wp/wp-includes/functions.php on line 6121
[24-Sep-2025 21:37:58 UTC] PHP Notice:  Function wp_is_block_theme was called <strong>incorrectly</strong>. This function should not be called before the theme directory is registered. Please see <a href="https://developer.wordpress.org/advanced-administration/debug/debug-wordpress/">Debugging in WordPress</a> for more information. (This message was added in version 6.8.0.) in /app/wp/wp-includes/functions.php on line 6121
[24-Sep-2025 21:37:59 UTC] PHP Notice:  Function wp_is_block_theme was called <strong>incorrectly</strong>. This function should not be called before the theme directory is registered. Please see <a href="https://developer.wordpress.org/advanced-administration/debug/debug-wordpress/">Debugging in WordPress</a> for more information. (This message was added in version 6.8.0.) in /app/wp/wp-includes/functions.php on line 6121
[24-Sep-2025 21:37:59 UTC] PHP Notice:  Function wp_is_block_theme was called <strong>incorrectly</strong>. This function should not be called before the theme directory is registered. Please see <a href="https://developer.wordpress.org/advanced-administration/debug/debug-wordpress/">Debugging in WordPress</a> for more information. (This message was added in version 6.8.0.) in /app/wp/wp-includes/functions.php on line 6121
[24-Sep-2025 21:37:59 UTC] PHP Notice:  Function wp_is_block_theme was called <strong>incorrectly</strong>. This function should not be called before the theme directory is registered. Please see <a href="https://developer.wordpress.org/advanced-administration/debug/debug-wordpress/">Debugging in WordPress</a> for more information. (This message was added in version 6.8.0.) in /app/wp/wp-includes/functions.php on line 6121
[24-Sep-2025 21:37:59 UTC] PHP Notice:  Function wp_is_block_theme was called <strong>incorrectly</strong>. This function should not be called before the theme directory is registered. Please see <a href="https://developer.wordpress.org/advanced-administration/debug/debug-wordpress/">Debugging in WordPress</a> for more information. (This message was added in version 6.8.0.) in /app/wp/wp-includes/functions.php on line 6121
[24-Sep-2025 21:37:59 UTC] PHP Notice:  Function wp_is_block_theme was called <strong>incorrectly</strong>. This function should not be called before the theme directory is registered. Please see <a href="https://developer.wordpress.org/advanced-administration/debug/debug-wordpress/">Debugging in WordPress</a> for more information. (This message was added in version 6.8.0.) in /app/wp/wp-includes/functions.php on line 6121
[24-Sep-2025 21:37:59 UTC] PHP Notice:  Function wp_is_block_theme was called <strong>incorrectly</strong>. This function should not be called before the theme directory is registered. Please see <a href="https://developer.wordpress.org/advanced-administration/debug/debug-wordpress/">Debugging in WordPress</a> for more information. (This message was added in version 6.8.0.) in /app/wp/wp-includes/functions.php on line 6121
[24-Sep-2025 21:37:59 UTC] PHP Notice:  Function wp_is_block_theme was called <strong>incorrectly</strong>. This function should not be called before the theme directory is registered. Please see <a href="https://developer.wordpress.org/advanced-administration/debug/debug-wordpress/">Debugging in WordPress</a> for more information. (This message was added in version 6.8.0.) in /app/wp/wp-includes/functions.php on line 6121
[24-Sep-2025 21:37:59 UTC] PHP Notice:  Function wp_is_block_theme was called <strong>incorrectly</strong>. This function should not be called before the theme directory is registered. Please see <a href="https://developer.wordpress.org/advanced-administration/debug/debug-wordpress/">Debugging in WordPress</a> for more information. (This message was added in version 6.8.0.) in /app/wp/wp-includes/functions.php on line 6121
[24-Sep-2025 21:38:09 UTC] PHP Notice:  Function wp_is_block_theme was called <strong>incorrectly</strong>. This function should not be called before the theme directory is registered. Please see <a href="https://developer.wordpress.org/advanced-administration/debug/debug-wordpress/">Debugging in WordPress</a> for more information. (This message was added in version 6.8.0.) in /app/wp/wp-includes/functions.php on line 6121
[24-Sep-2025 21:38:09 UTC] PHP Notice:  Function wp_is_block_theme was called <strong>incorrectly</strong>. This function should not be called before the theme directory is registered. Please see <a href="https://developer.wordpress.org/advanced-administration/debug/debug-wordpress/">Debugging in WordPress</a> for more information. (This message was added in version 6.8.0.) in /app/wp/wp-includes/functions.php on line 6121
[24-Sep-2025 21:38:09 UTC] PHP Notice:  Function wp_is_block_theme was called <strong>incorrectly</strong>. This function should not be called before the theme directory is registered. Please see <a href="https://developer.wordpress.org/advanced-administration/debug/debug-wordpress/">Debugging in WordPress</a> for more information. (This message was added in version 6.8.0.) in /app/wp/wp-includes/functions.php on line 6121
[24-Sep-2025 21:38:09 UTC] PHP Notice:  Function wp_is_block_theme was called <strong>incorrectly</strong>. This function should not be called before the theme directory is registered. Please see <a href="https://developer.wordpress.org/advanced-administration/debug/debug-wordpress/">Debugging in WordPress</a> for more information. (This message was added in version 6.8.0.) in /app/wp/wp-includes/functions.php on line 6121
[24-Sep-2025 21:38:09 UTC] PHP Notice:  Function wp_is_block_theme was called <strong>incorrectly</strong>. This function should not be called before the theme directory is registered. Please see <a href="https://developer.wordpress.org/advanced-administration/debug/debug-wordpress/">Debugging in WordPress</a> for more information. (This message was added in version 6.8.0.) in /app/wp/wp-includes/functions.php on line 6121
[24-Sep-2025 21:38:09 UTC] PHP Notice:  Function wp_is_block_theme was called <strong>incorrectly</strong>. This function should not be called before the theme directory is registered. Please see <a href="https://developer.wordpress.org/advanced-administration/debug/debug-wordpress/">Debugging in WordPress</a> for more information. (This message was added in version 6.8.0.) in /app/wp/wp-includes/functions.php on line 6121
[24-Sep-2025 21:38:09 UTC] PHP Notice:  Function wp_is_block_theme was called <strong>incorrectly</strong>. This function should not be called before the theme directory is registered. Please see <a href="https://developer.wordpress.org/advanced-administration/debug/debug-wordpress/">Debugging in WordPress</a> for more information. (This message was added in version 6.8.0.) in /app/wp/wp-includes/functions.php on line 6121
[24-Sep-2025 21:38:09 UTC] PHP Notice:  Function wp_is_block_theme was called <strong>incorrectly</strong>. This function should not be called before the theme directory is registered. Please see <a href="https://developer.wordpress.org/advanced-administration/debug/debug-wordpress/">Debugging in WordPress</a> for more information. (This message was added in version 6.8.0.) in /app/wp/wp-includes/functions.php on line 6121
[24-Sep-2025 21:38:24 UTC] PHP Notice:  Function wp_is_block_theme was called <strong>incorrectly</strong>. This function should not be called before the theme directory is registered. Please see <a href="https://developer.wordpress.org/advanced-administration/debug/debug-wordpress/">Debugging in WordPress</a> for more information. (This message was added in version 6.8.0.) in /app/wp/wp-includes/functions.php on line 6121
[24-Sep-2025 21:38:24 UTC] PHP Notice:  Function wp_is_block_theme was called <strong>incorrectly</strong>. This function should not be called before the theme directory is registered. Please see <a href="https://developer.wordpress.org/advanced-administration/debug/debug-wordpress/">Debugging in WordPress</a> for more information. (This message was added in version 6.8.0.) in /app/wp/wp-includes/functions.php on line 6121
[24-Sep-2025 21:38:24 UTC] PHP Notice:  Function wp_is_block_theme was called <strong>incorrectly</strong>. This function should not be called before the theme directory is registered. Please see <a href="https://developer.wordpress.org/advanced-administration/debug/debug-wordpress/">Debugging in WordPress</a> for more information. (This message was added in version 6.8.0.) in /app/wp/wp-includes/functions.php on line 6121
[24-Sep-2025 21:38:24 UTC] PHP Notice:  Function wp_is_block_theme was called <strong>incorrectly</strong>. This function should not be called before the theme directory is registered. Please see <a href="https://developer.wordpress.org/advanced-administration/debug/debug-wordpress/">Debugging in WordPress</a> for more information. (This message was added in version 6.8.0.) in /app/wp/wp-includes/functions.php on line 6121
[24-Sep-2025 21:38:24 UTC] PHP Notice:  Function wp_is_block_theme was called <strong>incorrectly</strong>. This function should not be called before the theme directory is registered. Please see <a href="https://developer.wordpress.org/advanced-administration/debug/debug-wordpress/">Debugging in WordPress</a> for more information. (This message was added in version 6.8.0.) in /app/wp/wp-includes/functions.php on line 6121
[24-Sep-2025 21:38:24 UTC] PHP Notice:  Function wp_is_block_theme was called <strong>incorrectly</strong>. This function should not be called before the theme directory is registered. Please see <a href="https://developer.wordpress.org/advanced-administration/debug/debug-wordpress/">Debugging in WordPress</a> for more information. (This message was added in version 6.8.0.) in /app/wp/wp-includes/functions.php on line 6121
[24-Sep-2025 21:38:24 UTC] PHP Notice:  Function wp_is_block_theme was called <strong>incorrectly</strong>. This function should not be called before the theme directory is registered. Please see <a href="https://developer.wordpress.org/advanced-administration/debug/debug-wordpress/">Debugging in WordPress</a> for more information. (This message was added in version 6.8.0.) in /app/wp/wp-includes/functions.php on line 6121
[24-Sep-2025 21:38:24 UTC] PHP Notice:  Function wp_is_block_theme was called <strong>incorrectly</strong>. This function should not be called before the theme directory is registered. Please see <a href="https://developer.wordpress.org/advanced-administration/debug/debug-wordpress/">Debugging in WordPress</a> for more information. (This message was added in version 6.8.0.) in /app/wp/wp-includes/functions.php on line 6121
[24-Sep-2025 21:40:46 UTC] PHP Notice:  Function wp_is_block_theme was called <strong>incorrectly</strong>. This function should not be called before the theme directory is registered. Please see <a href="https://developer.wordpress.org/advanced-administration/debug/debug-wordpress/">Debugging in WordPress</a> for more information. (This message was added in version 6.8.0.) in /app/wp/wp-includes/functions.php on line 6121
[24-Sep-2025 21:40:46 UTC] PHP Notice:  Function wp_is_block_theme was called <strong>incorrectly</strong>. This function should not be called before the theme directory is registered. Please see <a href="https://developer.wordpress.org/advanced-administration/debug/debug-wordpress/">Debugging in WordPress</a> for more information. (This message was added in version 6.8.0.) in /app/wp/wp-includes/functions.php on line 6121
[24-Sep-2025 21:40:46 UTC] PHP Notice:  Function wp_is_block_theme was called <strong>incorrectly</strong>. This function should not be called before the theme directory is registered. Please see <a href="https://developer.wordpress.org/advanced-administration/debug/debug-wordpress/">Debugging in WordPress</a> for more information. (This message was added in version 6.8.0.) in /app/wp/wp-includes/functions.php on line 6121
[24-Sep-2025 21:40:46 UTC] PHP Notice:  Function wp_is_block_theme was called <strong>incorrectly</strong>. This function should not be called before the theme directory is registered. Please see <a href="https://developer.wordpress.org/advanced-administration/debug/debug-wordpress/">Debugging in WordPress</a> for more information. (This message was added in version 6.8.0.) in /app/wp/wp-includes/functions.php on line 6121
[24-Sep-2025 21:40:47 UTC] PHP Notice:  Function wp_is_block_theme was called <strong>incorrectly</strong>. This function should not be called before the theme directory is registered. Please see <a href="https://developer.wordpress.org/advanced-administration/debug/debug-wordpress/">Debugging in WordPress</a> for more information. (This message was added in version 6.8.0.) in /app/wp/wp-includes/functions.php on line 6121
[24-Sep-2025 21:40:47 UTC] PHP Notice:  Function wp_is_block_theme was called <strong>incorrectly</strong>. This function should not be called before the theme directory is registered. Please see <a href="https://developer.wordpress.org/advanced-administration/debug/debug-wordpress/">Debugging in WordPress</a> for more information. (This message was added in version 6.8.0.) in /app/wp/wp-includes/functions.php on line 6121
[24-Sep-2025 21:40:47 UTC] PHP Notice:  Function wp_is_block_theme was called <strong>incorrectly</strong>. This function should not be called before the theme directory is registered. Please see <a href="https://developer.wordpress.org/advanced-administration/debug/debug-wordpress/">Debugging in WordPress</a> for more information. (This message was added in version 6.8.0.) in /app/wp/wp-includes/functions.php on line 6121
[24-Sep-2025 21:40:47 UTC] PHP Notice:  Function wp_is_block_theme was called <strong>incorrectly</strong>. This function should not be called before the theme directory is registered. Please see <a href="https://developer.wordpress.org/advanced-administration/debug/debug-wordpress/">Debugging in WordPress</a> for more information. (This message was added in version 6.8.0.) in /app/wp/wp-includes/functions.php on line 6121
[24-Sep-2025 21:43:26 UTC] PHP Notice:  Function wp_is_block_theme was called <strong>incorrectly</strong>. This function should not be called before the theme directory is registered. Please see <a href="https://developer.wordpress.org/advanced-administration/debug/debug-wordpress/">Debugging in WordPress</a> for more information. (This message was added in version 6.8.0.) in /app/wp/wp-includes/functions.php on line 6121
[24-Sep-2025 21:43:26 UTC] PHP Notice:  Function wp_is_block_theme was called <strong>incorrectly</strong>. This function should not be called before the theme directory is registered. Please see <a href="https://developer.wordpress.org/advanced-administration/debug/debug-wordpress/">Debugging in WordPress</a> for more information. (This message was added in version 6.8.0.) in /app/wp/wp-includes/functions.php on line 6121
[24-Sep-2025 21:43:26 UTC] PHP Notice:  Function wp_is_block_theme was called <strong>incorrectly</strong>. This function should not be called before the theme directory is registered. Please see <a href="https://developer.wordpress.org/advanced-administration/debug/debug-wordpress/">Debugging in WordPress</a> for more information. (This message was added in version 6.8.0.) in /app/wp/wp-includes/functions.php on line 6121
[24-Sep-2025 21:43:26 UTC] PHP Notice:  Function wp_is_block_theme was called <strong>incorrectly</strong>. This function should not be called before the theme directory is registered. Please see <a href="https://developer.wordpress.org/advanced-administration/debug/debug-wordpress/">Debugging in WordPress</a> for more information. (This message was added in version 6.8.0.) in /app/wp/wp-includes/functions.php on line 6121
[24-Sep-2025 21:43:26 UTC] PHP Notice:  Function wp_is_block_theme was called <strong>incorrectly</strong>. This function should not be called before the theme directory is registered. Please see <a href="https://developer.wordpress.org/advanced-administration/debug/debug-wordpress/">Debugging in WordPress</a> for more information. (This message was added in version 6.8.0.) in /app/wp/wp-includes/functions.php on line 6121
[24-Sep-2025 21:43:26 UTC] PHP Notice:  Function wp_is_block_theme was called <strong>incorrectly</strong>. This function should not be called before the theme directory is registered. Please see <a href="https://developer.wordpress.org/advanced-administration/debug/debug-wordpress/">Debugging in WordPress</a> for more information. (This message was added in version 6.8.0.) in /app/wp/wp-includes/functions.php on line 6121
[24-Sep-2025 21:43:26 UTC] PHP Notice:  Function wp_is_block_theme was called <strong>incorrectly</strong>. This function should not be called before the theme directory is registered. Please see <a href="https://developer.wordpress.org/advanced-administration/debug/debug-wordpress/">Debugging in WordPress</a> for more information. (This message was added in version 6.8.0.) in /app/wp/wp-includes/functions.php on line 6121
[24-Sep-2025 21:43:26 UTC] PHP Notice:  Function wp_is_block_theme was called <strong>incorrectly</strong>. This function should not be called before the theme directory is registered. Please see <a href="https://developer.wordpress.org/advanced-administration/debug/debug-wordpress/">Debugging in WordPress</a> for more information. (This message was added in version 6.8.0.) in /app/wp/wp-includes/functions.php on line 6121
[24-Sep-2025 21:43:27 UTC] PHP Notice:  Function wp_is_block_theme was called <strong>incorrectly</strong>. This function should not be called before the theme directory is registered. Please see <a href="https://developer.wordpress.org/advanced-administration/debug/debug-wordpress/">Debugging in WordPress</a> for more information. (This message was added in version 6.8.0.) in /app/wp/wp-includes/functions.php on line 6121
[24-Sep-2025 21:43:27 UTC] PHP Notice:  Function wp_is_block_theme was called <strong>incorrectly</strong>. This function should not be called before the theme directory is registered. Please see <a href="https://developer.wordpress.org/advanced-administration/debug/debug-wordpress/">Debugging in WordPress</a> for more information. (This message was added in version 6.8.0.) in /app/wp/wp-includes/functions.php on line 6121
[24-Sep-2025 21:43:27 UTC] PHP Notice:  Function wp_is_block_theme was called <strong>incorrectly</strong>. This function should not be called before the theme directory is registered. Please see <a href="https://developer.wordpress.org/advanced-administration/debug/debug-wordpress/">Debugging in WordPress</a> for more information. (This message was added in version 6.8.0.) in /app/wp/wp-includes/functions.php on line 6121
[24-Sep-2025 21:43:27 UTC] PHP Notice:  Function wp_is_block_theme was called <strong>incorrectly</strong>. This function should not be called before the theme directory is registered. Please see <a href="https://developer.wordpress.org/advanced-administration/debug/debug-wordpress/">Debugging in WordPress</a> for more information. (This message was added in version 6.8.0.) in /app/wp/wp-includes/functions.php on line 6121
[24-Sep-2025 21:43:42 UTC] PHP Notice:  Function wp_is_block_theme was called <strong>incorrectly</strong>. This function should not be called before the theme directory is registered. Please see <a href="https://developer.wordpress.org/advanced-administration/debug/debug-wordpress/">Debugging in WordPress</a> for more information. (This message was added in version 6.8.0.) in /app/wp/wp-includes/functions.php on line 6121
[24-Sep-2025 21:43:42 UTC] PHP Notice:  Function wp_is_block_theme was called <strong>incorrectly</strong>. This function should not be called before the theme directory is registered. Please see <a href="https://developer.wordpress.org/advanced-administration/debug/debug-wordpress/">Debugging in WordPress</a> for more information. (This message was added in version 6.8.0.) in /app/wp/wp-includes/functions.php on line 6121
[24-Sep-2025 21:43:42 UTC] PHP Notice:  Function wp_is_block_theme was called <strong>incorrectly</strong>. This function should not be called before the theme directory is registered. Please see <a href="https://developer.wordpress.org/advanced-administration/debug/debug-wordpress/">Debugging in WordPress</a> for more information. (This message was added in version 6.8.0.) in /app/wp/wp-includes/functions.php on line 6121
[24-Sep-2025 21:43:42 UTC] PHP Notice:  Function wp_is_block_theme was called <strong>incorrectly</strong>. This function should not be called before the theme directory is registered. Please see <a href="https://developer.wordpress.org/advanced-administration/debug/debug-wordpress/">Debugging in WordPress</a> for more information. (This message was added in version 6.8.0.) in /app/wp/wp-includes/functions.php on line 6121
[24-Sep-2025 21:43:43 UTC] PHP Notice:  Function wp_is_block_theme was called <strong>incorrectly</strong>. This function should not be called before the theme directory is registered. Please see <a href="https://developer.wordpress.org/advanced-administration/debug/debug-wordpress/">Debugging in WordPress</a> for more information. (This message was added in version 6.8.0.) in /app/wp/wp-includes/functions.php on line 6121
[24-Sep-2025 21:43:43 UTC] PHP Notice:  Function wp_is_block_theme was called <strong>incorrectly</strong>. This function should not be called before the theme directory is registered. Please see <a href="https://developer.wordpress.org/advanced-administration/debug/debug-wordpress/">Debugging in WordPress</a> for more information. (This message was added in version 6.8.0.) in /app/wp/wp-includes/functions.php on line 6121
[24-Sep-2025 21:43:43 UTC] PHP Notice:  Function wp_is_block_theme was called <strong>incorrectly</strong>. This function should not be called before the theme directory is registered. Please see <a href="https://developer.wordpress.org/advanced-administration/debug/debug-wordpress/">Debugging in WordPress</a> for more information. (This message was added in version 6.8.0.) in /app/wp/wp-includes/functions.php on line 6121
[24-Sep-2025 21:43:43 UTC] PHP Notice:  Function wp_is_block_theme was called <strong>incorrectly</strong>. This function should not be called before the theme directory is registered. Please see <a href="https://developer.wordpress.org/advanced-administration/debug/debug-wordpress/">Debugging in WordPress</a> for more information. (This message was added in version 6.8.0.) in /app/wp/wp-includes/functions.php on line 6121
[24-Sep-2025 21:43:43 UTC] PHP Notice:  Function wp_is_block_theme was called <strong>incorrectly</strong>. This function should not be called before the theme directory is registered. Please see <a href="https://developer.wordpress.org/advanced-administration/debug/debug-wordpress/">Debugging in WordPress</a> for more information. (This message was added in version 6.8.0.) in /app/wp/wp-includes/functions.php on line 6121
[24-Sep-2025 21:43:43 UTC] PHP Notice:  Function wp_is_block_theme was called <strong>incorrectly</strong>. This function should not be called before the theme directory is registered. Please see <a href="https://developer.wordpress.org/advanced-administration/debug/debug-wordpress/">Debugging in WordPress</a> for more information. (This message was added in version 6.8.0.) in /app/wp/wp-includes/functions.php on line 6121
[24-Sep-2025 21:43:43 UTC] PHP Notice:  Function wp_is_block_theme was called <strong>incorrectly</strong>. This function should not be called before the theme directory is registered. Please see <a href="https://developer.wordpress.org/advanced-administration/debug/debug-wordpress/">Debugging in WordPress</a> for more information. (This message was added in version 6.8.0.) in /app/wp/wp-includes/functions.php on line 6121
[24-Sep-2025 21:43:43 UTC] PHP Notice:  Function wp_is_block_theme was called <strong>incorrectly</strong>. This function should not be called before the theme directory is registered. Please see <a href="https://developer.wordpress.org/advanced-administration/debug/debug-wordpress/">Debugging in WordPress</a> for more information. (This message was added in version 6.8.0.) in /app/wp/wp-includes/functions.php on line 6121
[24-Sep-2025 21:49:29 UTC] PHP Notice:  Function wp_is_block_theme was called <strong>incorrectly</strong>. This function should not be called before the theme directory is registered. Please see <a href="https://developer.wordpress.org/advanced-administration/debug/debug-wordpress/">Debugging in WordPress</a> for more information. (This message was added in version 6.8.0.) in /app/wp/wp-includes/functions.php on line 6121
[24-Sep-2025 21:49:29 UTC] PHP Stack trace:
[24-Sep-2025 21:49:29 UTC] PHP   1. {main}() /usr/local/bin/wp:0
[24-Sep-2025 21:49:29 UTC] PHP   2. include() /usr/local/bin/wp:4
[24-Sep-2025 21:49:29 UTC] PHP   3. include() phar:///usr/local/bin/wp/php/boot-phar.php:20
[24-Sep-2025 21:49:29 UTC] PHP   4. WP_CLI\bootstrap() phar:///usr/local/bin/wp/vendor/wp-cli/wp-cli/php/wp-cli.php:35
[24-Sep-2025 21:49:29 UTC] PHP   5. WP_CLI\Bootstrap\LaunchRunner->process($state = class WP_CLI\Bootstrap\BootstrapState { private $state = ['config' => [...], 'arguments' => [...], 'assoc_args' => [...], 'context_manager' => class WP_CLI\ContextManager { ... }] }) phar:///usr/local/bin/wp/vendor/wp-cli/wp-cli/php/bootstrap.php:84
[24-Sep-2025 21:49:29 UTC] PHP   6. WP_CLI\Runner->start() phar:///usr/local/bin/wp/vendor/wp-cli/wp-cli/php/WP_CLI/Bootstrap/LaunchRunner.php:28
[24-Sep-2025 21:49:29 UTC] PHP   7. WP_CLI\Runner->load_wordpress() phar:///usr/local/bin/wp/vendor/wp-cli/wp-cli/php/WP_CLI/Runner.php:1293
[24-Sep-2025 21:49:29 UTC] PHP   8. require() phar:///usr/local/bin/wp/vendor/wp-cli/wp-cli/php/WP_CLI/Runner.php:1374
[24-Sep-2025 21:49:29 UTC] PHP   9. do_action($hook_name = 'after_setup_theme') /app/wp/wp-settings.php:705
[24-Sep-2025 21:49:29 UTC] PHP  10. WP_Hook->do_action($args = [0 => '']) /app/wp/wp-includes/plugin.php:517
[24-Sep-2025 21:49:29 UTC] PHP  11. WP_Hook->apply_filters($value = '', $args = [0 => '']) /app/wp/wp-includes/class-wp-hook.php:348
[24-Sep-2025 21:49:29 UTC] PHP  12. _add_default_theme_supports('') /app/wp/wp-includes/class-wp-hook.php:324
[24-Sep-2025 21:49:29 UTC] PHP  13. wp_is_block_theme() /app/wp/wp-includes/theme.php:4387
[24-Sep-2025 21:49:29 UTC] PHP  14. _doing_it_wrong($function_name = 'wp_is_block_theme', $message = 'This function should not be called before the theme directory is registered.', $version = '6.8.0') /app/wp/wp-includes/theme.php:4356
[24-Sep-2025 21:49:29 UTC] PHP  15. wp_trigger_error($function_name = '', $message = 'Function wp_is_block_theme was called <strong>incorrectly</strong>. This function should not be called before the theme directory is registered. Please see <a href="https://developer.wordpress.org/advanced-administration/debug/debug-wordpress/">Debugging in WordPress</a> for more information. (This message was added in version 6.8.0.)', $error_level = *uninitialized*) /app/wp/wp-includes/functions.php:6061
[24-Sep-2025 21:49:29 UTC] PHP  16. trigger_error($message = 'Function wp_is_block_theme was called <strong>incorrectly</strong>. This function should not be called before the theme directory is registered. Please see <a href="https://developer.wordpress.org/advanced-administration/debug/debug-wordpress/">Debugging in WordPress</a> for more information. (This message was added in version 6.8.0.)', $error_level = 1024) /app/wp/wp-includes/functions.php:6121
[24-Sep-2025 21:49:29 UTC] PHP Notice:  Function wp_is_block_theme was called <strong>incorrectly</strong>. This function should not be called before the theme directory is registered. Please see <a href="https://developer.wordpress.org/advanced-administration/debug/debug-wordpress/">Debugging in WordPress</a> for more information. (This message was added in version 6.8.0.) in /app/wp/wp-includes/functions.php on line 6121
[24-Sep-2025 21:49:29 UTC] PHP Stack trace:
[24-Sep-2025 21:49:29 UTC] PHP   1. {main}() /usr/local/bin/wp:0
[24-Sep-2025 21:49:29 UTC] PHP   2. include() /usr/local/bin/wp:4
[24-Sep-2025 21:49:29 UTC] PHP   3. include() phar:///usr/local/bin/wp/php/boot-phar.php:20
[24-Sep-2025 21:49:29 UTC] PHP   4. WP_CLI\bootstrap() phar:///usr/local/bin/wp/vendor/wp-cli/wp-cli/php/wp-cli.php:35
[24-Sep-2025 21:49:29 UTC] PHP   5. WP_CLI\Bootstrap\LaunchRunner->process($state = class WP_CLI\Bootstrap\BootstrapState { private $state = ['config' => [...], 'arguments' => [...], 'assoc_args' => [...], 'context_manager' => class WP_CLI\ContextManager { ... }] }) phar:///usr/local/bin/wp/vendor/wp-cli/wp-cli/php/bootstrap.php:84
[24-Sep-2025 21:49:29 UTC] PHP   6. WP_CLI\Runner->start() phar:///usr/local/bin/wp/vendor/wp-cli/wp-cli/php/WP_CLI/Bootstrap/LaunchRunner.php:28
[24-Sep-2025 21:49:29 UTC] PHP   7. WP_CLI\Runner->load_wordpress() phar:///usr/local/bin/wp/vendor/wp-cli/wp-cli/php/WP_CLI/Runner.php:1293
[24-Sep-2025 21:49:29 UTC] PHP   8. require() phar:///usr/local/bin/wp/vendor/wp-cli/wp-cli/php/WP_CLI/Runner.php:1374
[24-Sep-2025 21:49:29 UTC] PHP   9. do_action($hook_name = 'after_setup_theme') /app/wp/wp-settings.php:705
[24-Sep-2025 21:49:29 UTC] PHP  10. WP_Hook->do_action($args = [0 => '']) /app/wp/wp-includes/plugin.php:517
[24-Sep-2025 21:49:29 UTC] PHP  11. WP_Hook->apply_filters($value = '', $args = [0 => '']) /app/wp/wp-includes/class-wp-hook.php:348
[24-Sep-2025 21:49:29 UTC] PHP  12. wp_enable_block_templates('') /app/wp/wp-includes/class-wp-hook.php:324
[24-Sep-2025 21:49:29 UTC] PHP  13. wp_is_block_theme() /app/wp/wp-includes/theme-templates.php:227
[24-Sep-2025 21:49:29 UTC] PHP  14. _doing_it_wrong($function_name = 'wp_is_block_theme', $message = 'This function should not be called before the theme directory is registered.', $version = '6.8.0') /app/wp/wp-includes/theme.php:4356
[24-Sep-2025 21:49:29 UTC] PHP  15. wp_trigger_error($function_name = '', $message = 'Function wp_is_block_theme was called <strong>incorrectly</strong>. This function should not be called before the theme directory is registered. Please see <a href="https://developer.wordpress.org/advanced-administration/debug/debug-wordpress/">Debugging in WordPress</a> for more information. (This message was added in version 6.8.0.)', $error_level = *uninitialized*) /app/wp/wp-includes/functions.php:6061
[24-Sep-2025 21:49:29 UTC] PHP  16. trigger_error($message = 'Function wp_is_block_theme was called <strong>incorrectly</strong>. This function should not be called before the theme directory is registered. Please see <a href="https://developer.wordpress.org/advanced-administration/debug/debug-wordpress/">Debugging in WordPress</a> for more information. (This message was added in version 6.8.0.)', $error_level = 1024) /app/wp/wp-includes/functions.php:6121
[24-Sep-2025 21:49:29 UTC] PHP Notice:  Function wp_is_block_theme was called <strong>incorrectly</strong>. This function should not be called before the theme directory is registered. Please see <a href="https://developer.wordpress.org/advanced-administration/debug/debug-wordpress/">Debugging in WordPress</a> for more information. (This message was added in version 6.8.0.) in /app/wp/wp-includes/functions.php on line 6121
[24-Sep-2025 21:49:29 UTC] PHP Stack trace:
[24-Sep-2025 21:49:29 UTC] PHP   1. {main}() /usr/local/bin/wp:0
[24-Sep-2025 21:49:29 UTC] PHP   2. include() /usr/local/bin/wp:4
[24-Sep-2025 21:49:29 UTC] PHP   3. include() phar:///usr/local/bin/wp/php/boot-phar.php:20
[24-Sep-2025 21:49:29 UTC] PHP   4. WP_CLI\bootstrap() phar:///usr/local/bin/wp/vendor/wp-cli/wp-cli/php/wp-cli.php:35
[24-Sep-2025 21:49:29 UTC] PHP   5. WP_CLI\Bootstrap\LaunchRunner->process($state = class WP_CLI\Bootstrap\BootstrapState { private $state = ['config' => [...], 'arguments' => [...], 'assoc_args' => [...], 'context_manager' => class WP_CLI\ContextManager { ... }] }) phar:///usr/local/bin/wp/vendor/wp-cli/wp-cli/php/bootstrap.php:84
[24-Sep-2025 21:49:29 UTC] PHP   6. WP_CLI\Runner->start() phar:///usr/local/bin/wp/vendor/wp-cli/wp-cli/php/WP_CLI/Bootstrap/LaunchRunner.php:28
[24-Sep-2025 21:49:29 UTC] PHP   7. WP_CLI\Runner->load_wordpress() phar:///usr/local/bin/wp/vendor/wp-cli/wp-cli/php/WP_CLI/Runner.php:1293
[24-Sep-2025 21:49:29 UTC] PHP   8. require() phar:///usr/local/bin/wp/vendor/wp-cli/wp-cli/php/WP_CLI/Runner.php:1374
[24-Sep-2025 21:49:29 UTC] PHP   9. do_action($hook_name = 'after_setup_theme') /app/wp/wp-settings.php:705
[24-Sep-2025 21:49:29 UTC] PHP  10. WP_Hook->do_action($args = [0 => '']) /app/wp/wp-includes/plugin.php:517
[24-Sep-2025 21:49:29 UTC] PHP  11. WP_Hook->apply_filters($value = '', $args = [0 => '']) /app/wp/wp-includes/class-wp-hook.php:348
[24-Sep-2025 21:49:29 UTC] PHP  12. WP_Script_Modules->add_hooks('') /app/wp/wp-includes/class-wp-hook.php:324
[24-Sep-2025 21:49:29 UTC] PHP  13. wp_is_block_theme() /app/wp/wp-includes/class-wp-script-modules.php:188
[24-Sep-2025 21:49:29 UTC] PHP  14. _doing_it_wrong($function_name = 'wp_is_block_theme', $message = 'This function should not be called before the theme directory is registered.', $version = '6.8.0') /app/wp/wp-includes/theme.php:4356
[24-Sep-2025 21:49:29 UTC] PHP  15. wp_trigger_error($function_name = '', $message = 'Function wp_is_block_theme was called <strong>incorrectly</strong>. This function should not be called before the theme directory is registered. Please see <a href="https://developer.wordpress.org/advanced-administration/debug/debug-wordpress/">Debugging in WordPress</a> for more information. (This message was added in version 6.8.0.)', $error_level = *uninitialized*) /app/wp/wp-includes/functions.php:6061
[24-Sep-2025 21:49:29 UTC] PHP  16. trigger_error($message = 'Function wp_is_block_theme was called <strong>incorrectly</strong>. This function should not be called before the theme directory is registered. Please see <a href="https://developer.wordpress.org/advanced-administration/debug/debug-wordpress/">Debugging in WordPress</a> for more information. (This message was added in version 6.8.0.)', $error_level = 1024) /app/wp/wp-includes/functions.php:6121
[24-Sep-2025 21:49:29 UTC] PHP Notice:  Function wp_is_block_theme was called <strong>incorrectly</strong>. This function should not be called before the theme directory is registered. Please see <a href="https://developer.wordpress.org/advanced-administration/debug/debug-wordpress/">Debugging in WordPress</a> for more information. (This message was added in version 6.8.0.) in /app/wp/wp-includes/functions.php on line 6121
[24-Sep-2025 21:49:29 UTC] PHP Stack trace:
[24-Sep-2025 21:49:29 UTC] PHP   1. {main}() /usr/local/bin/wp:0
[24-Sep-2025 21:49:29 UTC] PHP   2. include() /usr/local/bin/wp:4
[24-Sep-2025 21:49:29 UTC] PHP   3. include() phar:///usr/local/bin/wp/php/boot-phar.php:20
[24-Sep-2025 21:49:29 UTC] PHP   4. WP_CLI\bootstrap() phar:///usr/local/bin/wp/vendor/wp-cli/wp-cli/php/wp-cli.php:35
[24-Sep-2025 21:49:29 UTC] PHP   5. WP_CLI\Bootstrap\LaunchRunner->process($state = class WP_CLI\Bootstrap\BootstrapState { private $state = ['config' => [...], 'arguments' => [...], 'assoc_args' => [...], 'context_manager' => class WP_CLI\ContextManager { ... }] }) phar:///usr/local/bin/wp/vendor/wp-cli/wp-cli/php/bootstrap.php:84
[24-Sep-2025 21:49:29 UTC] PHP   6. WP_CLI\Runner->start() phar:///usr/local/bin/wp/vendor/wp-cli/wp-cli/php/WP_CLI/Bootstrap/LaunchRunner.php:28
[24-Sep-2025 21:49:29 UTC] PHP   7. WP_CLI\Runner->load_wordpress() phar:///usr/local/bin/wp/vendor/wp-cli/wp-cli/php/WP_CLI/Runner.php:1293
[24-Sep-2025 21:49:29 UTC] PHP   8. require() phar:///usr/local/bin/wp/vendor/wp-cli/wp-cli/php/WP_CLI/Runner.php:1374
[24-Sep-2025 21:49:29 UTC] PHP   9. do_action($hook_name = 'init') /app/wp/wp-settings.php:727
[24-Sep-2025 21:49:29 UTC] PHP  10. WP_Hook->do_action($args = [0 => '']) /app/wp/wp-includes/plugin.php:517
[24-Sep-2025 21:49:29 UTC] PHP  11. WP_Hook->apply_filters($value = '', $args = [0 => '']) /app/wp/wp-includes/class-wp-hook.php:348
[24-Sep-2025 21:49:29 UTC] PHP  12. wp_widgets_init('') /app/wp/wp-includes/class-wp-hook.php:324
[24-Sep-2025 21:49:29 UTC] PHP  13. do_action($hook_name = 'widgets_init') /app/wp/wp-includes/widgets.php:1870
[24-Sep-2025 21:49:29 UTC] PHP  14. WP_Hook->do_action($args = [0 => '']) /app/wp/wp-includes/plugin.php:517
[24-Sep-2025 21:49:29 UTC] PHP  15. WP_Hook->apply_filters($value = '', $args = [0 => '']) /app/wp/wp-includes/class-wp-hook.php:348
[24-Sep-2025 21:49:29 UTC] PHP  16. _wp_block_theme_register_classic_sidebars('') /app/wp/wp-includes/class-wp-hook.php:324
[24-Sep-2025 21:49:29 UTC] PHP  17. wp_is_block_theme() /app/wp/wp-includes/widgets.php:2141
[24-Sep-2025 21:49:29 UTC] PHP  18. _doing_it_wrong($function_name = 'wp_is_block_theme', $message = 'This function should not be called before the theme directory is registered.', $version = '6.8.0') /app/wp/wp-includes/theme.php:4356
[24-Sep-2025 21:49:29 UTC] PHP  19. wp_trigger_error($function_name = '', $message = 'Function wp_is_block_theme was called <strong>incorrectly</strong>. This function should not be called before the theme directory is registered. Please see <a href="https://developer.wordpress.org/advanced-administration/debug/debug-wordpress/">Debugging in WordPress</a> for more information. (This message was added in version 6.8.0.)', $error_level = *uninitialized*) /app/wp/wp-includes/functions.php:6061
[24-Sep-2025 21:49:29 UTC] PHP  20. trigger_error($message = 'Function wp_is_block_theme was called <strong>incorrectly</strong>. This function should not be called before the theme directory is registered. Please see <a href="https://developer.wordpress.org/advanced-administration/debug/debug-wordpress/">Debugging in WordPress</a> for more information. (This message was added in version 6.8.0.)', $error_level = 1024) /app/wp/wp-includes/functions.php:6121
